[debug] [2026-06-23T14:29:41.586Z] ----------------------------------------------------------------------
[debug] [2026-06-23T14:29:41.588Z] Command:       C:\Program Files\nodejs\node.exe C:\Users\sawad\AppData\Roaming\npm\node_modules\firebase-tools\lib\bin\firebase.js deploy --only functions:getSimilarAds --force
[debug] [2026-06-23T14:29:41.589Z] CLI Version:   15.19.1
[debug] [2026-06-23T14:29:41.589Z] Platform:      win32
[debug] [2026-06-23T14:29:41.589Z] Node Version:  v24.11.1
[debug] [2026-06-23T14:29:41.590Z] Time:          Tue Jun 23 2026 14:29:41 GMT+0000 (heure moyenne de Greenwich)
[debug] [2026-06-23T14:29:41.590Z] ----------------------------------------------------------------------
[debug] 
[debug] [2026-06-23T14:29:45.858Z] > command requires scopes: ["email","openid","https://www.googleapis.com/auth/cloudplatformprojects.readonly","https://www.googleapis.com/auth/firebase","https://www.googleapis.com/auth/cloud-platform"]
[debug] [2026-06-23T14:29:45.858Z] > authorizing via signed-in user (contact.lecoinbiz@gmail.com)
[debug] [2026-06-23T14:29:45.859Z] [iam] checking project lecoinbiz-e43b7 for permissions ["cloudfunctions.functions.create","cloudfunctions.functions.delete","cloudfunctions.functions.get","cloudfunctions.functions.list","cloudfunctions.functions.update","cloudfunctions.operations.get","firebase.projects.get"]
[debug] [2026-06-23T14:29:45.861Z] Checked if tokens are valid: true, expires at: 1782226517989
[debug] [2026-06-23T14:29:45.861Z] Checked if tokens are valid: true, expires at: 1782226517989
[debug] [2026-06-23T14:29:45.862Z] >>> [apiv2][query] POST https://cloudresourcemanager.googleapis.com/v1/projects/lecoinbiz-e43b7:testIamPermissions [none]
[debug] [2026-06-23T14:29:45.862Z] >>> [apiv2][(partial)header] POST https://cloudresourcemanager.googleapis.com/v1/projects/lecoinbiz-e43b7:testIamPermissions  x-goog-user-project=lecoinbiz-e43b7
[debug] [2026-06-23T14:29:45.862Z] >>> [apiv2][body] POST https://cloudresourcemanager.googleapis.com/v1/projects/lecoinbiz-e43b7:testIamPermissions {"permissions":["cloudfunctions.functions.create","cloudfunctions.functions.delete","cloudfunctions.functions.get","cloudfunctions.functions.list","cloudfunctions.functions.update","cloudfunctions.operations.get","firebase.projects.get"]}
[debug] [2026-06-23T14:29:47.081Z] <<< [apiv2][status] POST https://cloudresourcemanager.googleapis.com/v1/projects/lecoinbiz-e43b7:testIamPermissions 200
[debug] [2026-06-23T14:29:47.082Z] <<< [apiv2][body] POST https://cloudresourcemanager.googleapis.com/v1/projects/lecoinbiz-e43b7:testIamPermissions {"permissions":["cloudfunctions.functions.create","cloudfunctions.functions.delete","cloudfunctions.functions.get","cloudfunctions.functions.list","cloudfunctions.functions.update","cloudfunctions.operations.get","firebase.projects.get"]}
[debug] [2026-06-23T14:29:47.082Z] Checked if tokens are valid: true, expires at: 1782226517989
[debug] [2026-06-23T14:29:47.082Z] Checked if tokens are valid: true, expires at: 1782226517989
[debug] [2026-06-23T14:29:47.083Z] >>> [apiv2][query] POST https://iam.googleapis.com/v1/projects/lecoinbiz-e43b7/serviceAccounts/lecoinbiz-e43b7@appspot.gserviceaccount.com:testIamPermissions [none]
[debug] [2026-06-23T14:29:47.083Z] >>> [apiv2][body] POST https://iam.googleapis.com/v1/projects/lecoinbiz-e43b7/serviceAccounts/lecoinbiz-e43b7@appspot.gserviceaccount.com:testIamPermissions {"permissions":["iam.serviceAccounts.actAs"]}
[debug] [2026-06-23T14:29:48.315Z] <<< [apiv2][status] POST https://iam.googleapis.com/v1/projects/lecoinbiz-e43b7/serviceAccounts/lecoinbiz-e43b7@appspot.gserviceaccount.com:testIamPermissions 404
[debug] [2026-06-23T14:29:48.316Z] <<< [apiv2][body] POST https://iam.googleapis.com/v1/projects/lecoinbiz-e43b7/serviceAccounts/lecoinbiz-e43b7@appspot.gserviceaccount.com:testIamPermissions {"error":{"code":404,"message":"Unknown service account","status":"NOT_FOUND"}}
[debug] [2026-06-23T14:29:48.316Z] [functions] service account IAM check errored, deploy may fail: Request to https://iam.googleapis.com/v1/projects/lecoinbiz-e43b7/serviceAccounts/lecoinbiz-e43b7@appspot.gserviceaccount.com:testIamPermissions had HTTP Error: 404, Unknown service account {"name":"FirebaseError","children":[],"context":{"body":{"error":{"code":404,"message":"Unknown service account","status":"NOT_FOUND"}},"response":{"statusCode":404}},"exit":1,"message":"Request to https://iam.googleapis.com/v1/projects/lecoinbiz-e43b7/serviceAccounts/lecoinbiz-e43b7@appspot.gserviceaccount.com:testIamPermissions had HTTP Error: 404, Unknown service account","status":404}
[info] 
[info] === Deploying to 'lecoinbiz-e43b7'...
[info] 
[info] i  deploying functions 
[info] Running command: npm --prefix "$RESOURCE_DIR" run lint
[info] Running command: npm --prefix "$RESOURCE_DIR" run build
