[debug] [2025-07-14T08:43:48.033Z] ----------------------------------------------------------------------
[debug] [2025-07-14T08:43:48.036Z] Command:       C:\Program Files\nodejs\node.exe C:\Users\sawad\AppData\Roaming\npm\node_modules\firebase-tools\lib\bin\firebase.js init
[debug] [2025-07-14T08:43:48.037Z] CLI Version:   14.1.0
[debug] [2025-07-14T08:43:48.037Z] Platform:      win32
[debug] [2025-07-14T08:43:48.037Z] Node Version:  v21.6.1
[debug] [2025-07-14T08:43:48.038Z] Time:          Mon Jul 14 2025 08:43:48 GMT+0000 (temps universel coordonné)
[debug] [2025-07-14T08:43:48.038Z] ----------------------------------------------------------------------
[debug] 
[debug] [2025-07-14T08:43:48.048Z] >>> [apiv2][query] GET https://firebase-public.firebaseio.com/cli.json [none]
[debug] [2025-07-14T08:43:48.094Z] > command requires scopes: ["email","openid","https://www.googleapis.com/auth/cloudplatformprojects.readonly","https://www.googleapis.com/auth/firebase","https://www.googleapis.com/auth/cloud-platform"]
[debug] [2025-07-14T08:43:48.094Z] > authorizing via signed-in user (sawadogoappolinaire06@gmail.com)
[info] 
     ######## #### ########  ######## ########     ###     ######  ########
     ##        ##  ##     ## ##       ##     ##  ##   ##  ##       ##
     ######    ##  ########  ######   ########  #########  ######  ######
     ##        ##  ##    ##  ##       ##     ## ##     ##       ## ##
     ##       #### ##     ## ######## ########  ##     ##  ######  ########

You're about to initialize a Firebase project in this directory:

  C:\Users\sawad\Desktop\DEV-TUTO\expo\projet\LeCoinBiz

[debug] [2025-07-14T08:43:48.775Z] <<< [apiv2][status] GET https://firebase-public.firebaseio.com/cli.json 200
[debug] [2025-07-14T08:43:48.775Z] <<< [apiv2][body] GET https://firebase-public.firebaseio.com/cli.json {"cloudBuildErrorAfter":1594252800000,"cloudBuildWarnAfter":1590019200000,"defaultNode10After":1594252800000,"minVersion":"3.0.5","node8DeploysDisabledAfter":1613390400000,"node8RuntimeDisabledAfter":1615809600000,"node8WarnAfter":1600128000000}
